[[1;34mINFO[m] Scanning for projects...
[[1;34mINFO[m] 
[[1;34mINFO[m] [1m---------------------< [0;36mcom.tradehub:tradehub-api[0;1m >----------------------[m
[[1;34mINFO[m] [1mBuilding  0.0.1-SNAPSHOT[m
[[1;34mINFO[m] [1m--------------------------------[ jar ]---------------------------------[m
[[1;34mINFO[m] 
[[1;34mINFO[m] [1m>>> [0;32mspring-boot-maven-plugin:4.1.1:run[m [1m(default-cli)[0;1m > [0;1mtest-compile[m @ [36mtradehub-api[0;1m >>>[m
[[1;34mINFO[m] 
[[1;34mINFO[m] [1m--- [0;32mmaven-resources-plugin:3.5.0:resources[m [1m(default-resources)[m @ [36mtradehub-api[0;1m ---[m
[[1;34mINFO[m] Copying 1 resource from src/main/resources to target/classes
[[1;34mINFO[m] Copying 0 resource from src/main/resources to target/classes
[[1;34mINFO[m] 
[[1;34mINFO[m] [1m--- [0;32mmaven-compiler-plugin:3.15.0:compile[m [1m(default-compile)[m @ [36mtradehub-api[0;1m ---[m
[[1;34mINFO[m] Nothing to compile - all classes are up to date.
[[1;34mINFO[m] 
[[1;34mINFO[m] [1m--- [0;32mmaven-resources-plugin:3.5.0:testResources[m [1m(default-testResources)[m @ [36mtradehub-api[0;1m ---[m
[[1;34mINFO[m] Copying 1 resource from src/test/resources to target/test-classes
[[1;34mINFO[m] 
[[1;34mINFO[m] [1m--- [0;32mmaven-compiler-plugin:3.15.0:testCompile[m [1m(default-testCompile)[m @ [36mtradehub-api[0;1m ---[m
[[1;34mINFO[m] Nothing to compile - all classes are up to date.
[[1;34mINFO[m] 
[[1;34mINFO[m] [1m<<< [0;32mspring-boot-maven-plugin:4.1.1:run[m [1m(default-cli)[0;1m < [0;1mtest-compile[m @ [36mtradehub-api[0;1m <<<[m
[[1;34mINFO[m] 
[[1;34mINFO[m] 
[[1;34mINFO[m] [1m--- [0;32mspring-boot-maven-plugin:4.1.1:run[m [1m(default-cli)[m @ [36mtradehub-api[0;1m ---[m
[[1;34mINFO[m] Attaching agents: []

  .   ____          _            __ _ _
 /\\ / ___'_ __ _ _(_)_ __  __ _ \ \ \ \
( ( )\___ | '_ | '_| | '_ \/ _` | \ \ \ \
 \\/  ___)| |_)| | | | | || (_| |  ) ) ) )
  '  |____| .__|_| |_|_| |_\__, | / / / /
 =========|_|==============|___/=/_/_/_/

 :: Spring Boot ::                (v4.1.1)

2026-09-18T16:29:08.562+05:30  INFO 8223 --- [tradehub-api] [  restartedMain] com.tradehub.TradehubApiApplication      : Starting TradehubApiApplication using Java 17.0.20 with PID 8223 (/home/anubhaw/Office/Java/TradeHub/backend/target/classes started by anubhaw in /home/anubhaw/Office/Java/TradeHub/backend)
2026-09-18T16:29:08.564+05:30  INFO 8223 --- [tradehub-api] [  restartedMain] com.tradehub.TradehubApiApplication      : No active profile set, falling back to 1 default profile: "default"
2026-09-18T16:29:08.592+05:30  INFO 8223 --- [tradehub-api] [  restartedMain] .e.DevToolsPropertyDefaultsPostProcessor : Devtools property defaults active! Set 'spring.devtools.add-properties' to 'false' to disable
2026-09-18T16:29:08.592+05:30  INFO 8223 --- [tradehub-api] [  restartedMain] .e.DevToolsPropertyDefaultsPostProcessor : For additional web related logging consider setting the 'logging.level.web' property to 'DEBUG'
2026-09-18T16:29:09.057+05:30  INFO 8223 --- [tradehub-api] [  restartedMain] .s.d.r.c.RepositoryConfigurationDelegate : Bootstrapping Spring Data JPA repositories in DEFAULT mode.
2026-09-18T16:29:09.091+05:30  INFO 8223 --- [tradehub-api] [  restartedMain] .s.d.r.c.RepositoryConfigurationDelegate : Finished Spring Data repository scanning in 28 ms. Found 11 JPA repository interfaces.
2026-09-18T16:29:09.425+05:30  INFO 8223 --- [tradehub-api] [  restartedMain] o.s.boot.tomcat.TomcatWebServer          : Tomcat initialized with port 8080 (http)
2026-09-18T16:29:09.433+05:30  INFO 8223 --- [tradehub-api] [  restartedMain] o.apache.catalina.core.StandardService   : Starting service [Tomcat]
2026-09-18T16:29:09.433+05:30  INFO 8223 --- [tradehub-api] [  restartedMain] o.apache.catalina.core.StandardEngine    : Starting Servlet engine: [Apache Tomcat/11.0.24]
2026-09-18T16:29:09.456+05:30  INFO 8223 --- [tradehub-api] [  restartedMain] b.w.c.s.WebApplicationContextInitializer : Root WebApplicationContext: initialization completed in 863 ms
2026-09-18T16:29:09.571+05:30  INFO 8223 --- [tradehub-api] [  restartedMain] org.hibernate.orm.jpa                    : HHH008540: Processing PersistenceUnitInfo [name: default]
2026-09-18T16:29:09.615+05:30  INFO 8223 --- [tradehub-api] [  restartedMain] org.hibernate.orm.core                   : HHH000001: Hibernate ORM core version 7.4.5.Final
2026-09-18T16:29:09.861+05:30  INFO 8223 --- [tradehub-api] [  restartedMain] o.s.o.j.p.SpringPersistenceUnitInfo      : No LoadTimeWeaver setup: ignoring JPA class transformer
2026-09-18T16:29:09.880+05:30  INFO 8223 --- [tradehub-api] [  restartedMain] com.zaxxer.hikari.HikariDataSource       : HikariPool-1 - Starting...
2026-09-18T16:29:10.000+05:30  INFO 8223 --- [tradehub-api] [  restartedMain] com.zaxxer.hikari.pool.HikariPool        : HikariPool-1 - Added connection com.mysql.cj.jdbc.ConnectionImpl@54a90edb
2026-09-18T16:29:10.001+05:30  INFO 8223 --- [tradehub-api] [  restartedMain] com.zaxxer.hikari.HikariDataSource       : HikariPool-1 - Start completed.
2026-09-18T16:29:10.054+05:30  INFO 8223 --- [tradehub-api] [  restartedMain] org.hibernate.orm.connections.pooling    : HHH10001005: Database info:
	Database JDBC URL [jdbc:mysql://localhost:3306/tradehub_db?useSSL=false&allowPublicKeyRetrieval=true&serverTimezone=UTC]
	Database driver: MySQL Connector/J
	Database dialect: MySQLDialect
	Database version: 8.0.46
	Default catalog/schema: tradehub_db/undefined
	Autocommit mode: undefined/unknown
	Isolation level: REPEATABLE_READ [default REPEATABLE_READ]
	JDBC fetch size: none
	Pool: DataSourceConnectionProvider
	Minimum pool size: undefined/unknown
	Maximum pool size: undefined/unknown
2026-09-18T16:29:10.663+05:30  INFO 8223 --- [tradehub-api] [  restartedMain] org.hibernate.orm.core                   : HHH000489: No JTA platform available (set 'hibernate.transaction.jta.platform' to enable JTA platform integration)
Hibernate: 
    alter table coupons 
       modify column type enum ('FIXED','PERCENT') not null
Hibernate: 
    alter table orders 
       modify column status enum ('CANCELLED','DELIVERED','PAID','PLACED','SHIPPED') not null
2026-09-18T16:29:10.851+05:30  INFO 8223 --- [tradehub-api] [  restartedMain] j.LocalContainerEntityManagerFactoryBean : Initialized JPA EntityManagerFactory for persistence unit 'default'
2026-09-18T16:29:10.910+05:30  INFO 8223 --- [tradehub-api] [  restartedMain] o.s.d.j.r.query.QueryEnhancerFactories   : Hibernate is in classpath; If applicable, HQL parser will be used.
2026-09-18T16:29:11.599+05:30  WARN 8223 --- [tradehub-api] [  restartedMain] JpaBaseConfiguration$JpaWebConfiguration : spring.jpa.open-in-view is enabled by default. Therefore, database queries may be performed during view rendering. Explicitly configure spring.jpa.open-in-view to disable this warning
2026-09-18T16:29:11.648+05:30  WARN 8223 --- [tradehub-api] [  restartedMain] .s.a.UserDetailsServiceAutoConfiguration : 

Using generated security password: 90041435-6112-4cee-85d8-306c3e72320b

This generated password is for development use only. Your security configuration must be updated before running your application in production.

2026-09-18T16:29:11.653+05:30  INFO 8223 --- [tradehub-api] [  restartedMain] r$InitializeUserDetailsManagerConfigurer : Global AuthenticationManager configured with UserDetailsService bean with name inMemoryUserDetailsManager
2026-09-18T16:29:11.966+05:30  INFO 8223 --- [tradehub-api] [  restartedMain] o.s.boot.tomcat.TomcatWebServer          : Tomcat started on port 8080 (http) with context path '/'
2026-09-18T16:29:11.969+05:30  INFO 8223 --- [tradehub-api] [  restartedMain] com.tradehub.TradehubApiApplication      : Started TradehubApiApplication in 3.618 seconds (process running for 3.862)
Hibernate: 
    select
        u1_0.id,
        u1_0.created_at,
        u1_0.email,
        u1_0.full_name,
        u1_0.password_hash 
    from
        users u1_0 
    where
        upper(u1_0.email)=upper(?)
Hibernate: 
    select
        r1_0.user_id,
        r1_0.role 
    from
        user_roles r1_0 
    where
        r1_0.user_id=?
Hibernate: 
    select
        count(*) 
    from
        users u1_0
2026-09-18T16:29:12.063+05:30  INFO 8223 --- [tradehub-api] [  restartedMain] com.tradehub.config.DataInitializer      : Database already contains data, skipping seed
2026-09-18T16:29:12.064+05:30  WARN 8223 --- [tradehub-api] [  restartedMain] o.s.core.events.SpringDocAppInitializer  : SpringDoc /v3/api-docs endpoint is enabled by default. To disable it in production, set the property 'springdoc.api-docs.enabled=false'
2026-09-18T16:29:12.064+05:30  WARN 8223 --- [tradehub-api] [  restartedMain] o.s.core.events.SpringDocAppInitializer  : SpringDoc /swagger-ui.html endpoint is enabled by default. To disable it in production, set the property 'springdoc.swagger-ui.enabled=false'
2026-09-18T16:29:14.714+05:30  INFO 8223 --- [tradehub-api] [nio-8080-exec-1] o.a.c.c.C.[Tomcat].[localhost].[/]       : Initializing Spring DispatcherServlet 'dispatcherServlet'
2026-09-18T16:29:14.714+05:30  INFO 8223 --- [tradehub-api] [nio-8080-exec-1] o.s.web.servlet.DispatcherServlet        : Initializing Servlet 'dispatcherServlet'
2026-09-18T16:29:14.715+05:30  INFO 8223 --- [tradehub-api] [nio-8080-exec-1] o.s.web.servlet.DispatcherServlet        : Completed initialization in 1 ms
Hibernate: 
    select
        c1_0.id,
        c1_0.active,
        c1_0.created_at,
        c1_0.description,
        c1_0.name,
        c1_0.slug 
    from
        categories c1_0 
    where
        c1_0.active=true 
    order by
        c1_0.name
Hibernate: 
    select
        c1_0.id,
        c1_0.active,
        c1_0.created_at,
        c1_0.description,
        c1_0.name,
        c1_0.slug 
    from
        categories c1_0 
    where
        c1_0.active=true 
    order by
        c1_0.name
Hibernate: 
    select
        c1_0.id,
        c1_0.active,
        c1_0.created_at,
        c1_0.description,
        c1_0.name,
        c1_0.slug 
    from
        categories c1_0 
    where
        c1_0.active=true 
    order by
        c1_0.name
Hibernate: 
    select
        u1_0.id 
    from
        users u1_0 
    where
        upper(u1_0.email)=upper(?) 
    limit
        ?
Hibernate: 
    insert 
    into
        users
        (created_at, email, full_name, password_hash) 
    values
        (?, ?, ?, ?)
Hibernate: 
    insert 
    into
        user_roles
        (user_id, role) 
    values
        (?, ?)
Hibernate: 
    select
        u1_0.id,
        u1_0.created_at,
        u1_0.email,
        u1_0.full_name,
        u1_0.password_hash 
    from
        users u1_0 
    where
        upper(u1_0.email)=upper(?)
Hibernate: 
    select
        r1_0.user_id,
        r1_0.role 
    from
        user_roles r1_0 
    where
        r1_0.user_id=?
Hibernate: 
    select
        u1_0.id,
        u1_0.created_at,
        u1_0.email,
        u1_0.full_name,
        u1_0.password_hash 
    from
        users u1_0 
    where
        upper(u1_0.email)=upper(?)
Hibernate: 
    select
        r1_0.user_id,
        r1_0.role 
    from
        user_roles r1_0 
    where
        r1_0.user_id=?
Hibernate: 
    select
        c1_0.id,
        c1_0.active,
        c1_0.created_at,
        c1_0.description,
        c1_0.name,
        c1_0.slug 
    from
        categories c1_0 
    where
        c1_0.active=true 
    order by
        c1_0.name
Hibernate: 
    select
        p1_0.id,
        p1_0.active,
        p1_0.category_id,
        p1_0.created_at,
        p1_0.description,
        p1_0.low_stock_threshold,
        p1_0.name,
        p1_0.price,
        p1_0.sku,
        p1_0.slug,
        p1_0.stock_quantity 
    from
        products p1_0 
    where
        p1_0.active=true 
    order by
        p1_0.created_at desc 
    limit
        ?
Hibernate: 
    select
        c1_0.id,
        c1_0.active,
        c1_0.created_at,
        c1_0.description,
        c1_0.name,
        c1_0.slug 
    from
        categories c1_0 
    where
        c1_0.id=?
Hibernate: 
    select
        c1_0.id,
        c1_0.active,
        c1_0.created_at,
        c1_0.description,
        c1_0.name,
        c1_0.slug 
    from
        categories c1_0 
    where
        c1_0.id=?
Hibernate: 
    select
        c1_0.id,
        c1_0.active,
        c1_0.created_at,
        c1_0.description,
        c1_0.name,
        c1_0.slug 
    from
        categories c1_0 
    where
        c1_0.id=?
Hibernate: 
    select
        c1_0.id,
        c1_0.active,
        c1_0.created_at,
        c1_0.description,
        c1_0.name,
        c1_0.slug 
    from
        categories c1_0 
    where
        c1_0.id=?
Hibernate: 
    select
        p1_0.id,
        p1_0.active,
        p1_0.category_id,
        p1_0.created_at,
        p1_0.description,
        p1_0.low_stock_threshold,
        p1_0.name,
        p1_0.price,
        p1_0.sku,
        p1_0.slug,
        p1_0.stock_quantity 
    from
        products p1_0 
    where
        p1_0.slug=?
Hibernate: 
    select
        c1_0.id,
        c1_0.active,
        c1_0.created_at,
        c1_0.description,
        c1_0.name,
        c1_0.slug 
    from
        categories c1_0 
    where
        c1_0.id=?
Hibernate: 
    select
        u1_0.id,
        u1_0.created_at,
        u1_0.email,
        u1_0.full_name,
        u1_0.password_hash 
    from
        users u1_0 
    where
        upper(u1_0.email)=upper(?)
Hibernate: 
    select
        r1_0.user_id,
        r1_0.role 
    from
        user_roles r1_0 
    where
        r1_0.user_id=?
Hibernate: 
    select
        c1_0.id,
        c1_0.user_id 
    from
        carts c1_0 
    where
        c1_0.user_id=?
Hibernate: 
    insert 
    into
        carts
        (user_id) 
    values
        (?)
Hibernate: 
    select
        p1_0.id,
        p1_0.active,
        p1_0.category_id,
        p1_0.created_at,
        p1_0.description,
        p1_0.low_stock_threshold,
        p1_0.name,
        p1_0.price,
        p1_0.sku,
        p1_0.slug,
        p1_0.stock_quantity 
    from
        products p1_0 
    where
        p1_0.id=?
Hibernate: 
    select
        ci1_0.id,
        ci1_0.cart_id,
        ci1_0.product_id,
        ci1_0.quantity,
        ci1_0.unit_price 
    from
        cart_items ci1_0 
    where
        ci1_0.cart_id=? 
        and ci1_0.product_id=?
Hibernate: 
    insert 
    into
        cart_items
        (cart_id, product_id, quantity, unit_price) 
    values
        (?, ?, ?, ?)
Hibernate: 
    select
        u1_0.id,
        u1_0.created_at,
        u1_0.email,
        u1_0.full_name,
        u1_0.password_hash 
    from
        users u1_0 
    where
        upper(u1_0.email)=upper(?)
Hibernate: 
    select
        r1_0.user_id,
        r1_0.role 
    from
        user_roles r1_0 
    where
        r1_0.user_id=?
Hibernate: 
    select
        c1_0.id,
        c1_0.user_id 
    from
        carts c1_0 
    where
        c1_0.user_id=?
Hibernate: 
    select
        i1_0.cart_id,
        i1_0.id,
        i1_0.product_id,
        i1_0.quantity,
        i1_0.unit_price 
    from
        cart_items i1_0 
    where
        i1_0.cart_id=?
Hibernate: 
    select
        p1_0.id,
        p1_0.active,
        p1_0.category_id,
        p1_0.created_at,
        p1_0.description,
        p1_0.low_stock_threshold,
        p1_0.name,
        p1_0.price,
        p1_0.sku,
        p1_0.slug,
        p1_0.stock_quantity 
    from
        products p1_0 
    where
        p1_0.id=?
Hibernate: 
    select
        u1_0.id,
        u1_0.created_at,
        u1_0.email,
        u1_0.full_name,
        u1_0.password_hash 
    from
        users u1_0 
    where
        upper(u1_0.email)=upper(?)
Hibernate: 
    select
        r1_0.user_id,
        r1_0.role 
    from
        user_roles r1_0 
    where
        r1_0.user_id=?
Hibernate: 
    select
        c1_0.id,
        c1_0.user_id 
    from
        carts c1_0 
    where
        c1_0.user_id=?
Hibernate: 
    select
        ci1_0.id,
        ci1_0.cart_id,
        ci1_0.product_id,
        ci1_0.quantity,
        ci1_0.unit_price 
    from
        cart_items ci1_0 
    where
        ci1_0.id=?
Hibernate: 
    select
        p1_0.id,
        p1_0.active,
        p1_0.category_id,
        p1_0.created_at,
        p1_0.description,
        p1_0.low_stock_threshold,
        p1_0.name,
        p1_0.price,
        p1_0.sku,
        p1_0.slug,
        p1_0.stock_quantity 
    from
        products p1_0 
    where
        p1_0.id=?
Hibernate: 
    select
        i1_0.cart_id,
        i1_0.id,
        i1_0.product_id,
        i1_0.quantity,
        i1_0.unit_price 
    from
        cart_items i1_0 
    where
        i1_0.cart_id=?
Hibernate: 
    update
        cart_items 
    set
        cart_id=?,
        product_id=?,
        quantity=?,
        unit_price=? 
    where
        id=?
Hibernate: 
    select
        u1_0.id,
        u1_0.created_at,
        u1_0.email,
        u1_0.full_name,
        u1_0.password_hash 
    from
        users u1_0 
    where
        upper(u1_0.email)=upper(?)
Hibernate: 
    select
        r1_0.user_id,
        r1_0.role 
    from
        user_roles r1_0 
    where
        r1_0.user_id=?
Hibernate: 
    select
        c1_0.id,
        c1_0.user_id 
    from
        carts c1_0 
    where
        c1_0.user_id=?
Hibernate: 
    select
        i1_0.cart_id,
        i1_0.id,
        i1_0.product_id,
        i1_0.quantity,
        i1_0.unit_price 
    from
        cart_items i1_0 
    where
        i1_0.cart_id=?
Hibernate: 
    select
        p1_0.id,
        p1_0.active,
        p1_0.category_id,
        p1_0.created_at,
        p1_0.description,
        p1_0.low_stock_threshold,
        p1_0.name,
        p1_0.price,
        p1_0.sku,
        p1_0.slug,
        p1_0.stock_quantity 
    from
        products p1_0 
    where
        p1_0.id=?
Hibernate: 
    select
        c1_0.id,
        c1_0.active,
        c1_0.code,
        c1_0.created_at,
        c1_0.max_discount,
        c1_0.max_uses,
        c1_0.min_order_amount,
        c1_0.type,
        c1_0.used_count,
        c1_0.valid_from,
        c1_0.valid_until,
        c1_0.discount_value 
    from
        coupons c1_0 
    where
        c1_0.code=?
Hibernate: 
    update
        products 
    set
        active=?,
        category_id=?,
        description=?,
        low_stock_threshold=?,
        name=?,
        price=?,
        sku=?,
        slug=?,
        stock_quantity=? 
    where
        id=?
Hibernate: 
    update
        coupons 
    set
        active=?,
        code=?,
        max_discount=?,
        max_uses=?,
        min_order_amount=?,
        type=?,
        used_count=?,
        valid_from=?,
        valid_until=?,
        discount_value=? 
    where
        id=?
Hibernate: 
    select
        c1_0.id,
        c1_0.active,
        c1_0.code,
        c1_0.created_at,
        c1_0.max_discount,
        c1_0.max_uses,
        c1_0.min_order_amount,
        c1_0.type,
        c1_0.used_count,
        c1_0.valid_from,
        c1_0.valid_until,
        c1_0.discount_value 
    from
        coupons c1_0 
    where
        c1_0.code=?
Hibernate: 
    insert 
    into
        orders
        (address_line, address_line2, city, country, coupon_code, created_at, discount_amount, phone, recipient_name, state, status, total_amount, user_id, zip_code) 
    values
        (?, ?, ?, ?, ?, ?, ?, ?, ?, ?, ?, ?, ?, ?)
Hibernate: 
    insert 
    into
        order_items
        (order_id, product_id, product_name, product_slug, quantity, unit_price) 
    values
        (?, ?, ?, ?, ?, ?)
Hibernate: 
    delete 
    from
        cart_items 
    where
        id=?
Hibernate: 
    select
        u1_0.id,
        u1_0.created_at,
        u1_0.email,
        u1_0.full_name,
        u1_0.password_hash 
    from
        users u1_0 
    where
        upper(u1_0.email)=upper(?)
Hibernate: 
    select
        r1_0.user_id,
        r1_0.role 
    from
        user_roles r1_0 
    where
        r1_0.user_id=?
Hibernate: 
    select
        o1_0.id,
        o1_0.address_line,
        o1_0.address_line2,
        o1_0.city,
        o1_0.country,
        o1_0.coupon_code,
        o1_0.created_at,
        o1_0.discount_amount,
        o1_0.phone,
        o1_0.recipient_name,
        o1_0.state,
        o1_0.status,
        o1_0.total_amount,
        o1_0.user_id,
        o1_0.zip_code 
    from
        orders o1_0 
    where
        o1_0.id=? 
        and o1_0.user_id=?
Hibernate: 
    select
        p1_0.id,
        p1_0.amount,
        p1_0.order_id,
        p1_0.paid_at,
        p1_0.refunded,
        p1_0.refunded_at,
        p1_0.transaction_id 
    from
        payments p1_0 
    where
        p1_0.order_id=?
Hibernate: 
    select
        i1_0.order_id,
        i1_0.id,
        i1_0.product_id,
        i1_0.product_name,
        i1_0.product_slug,
        i1_0.quantity,
        i1_0.unit_price 
    from
        order_items i1_0 
    where
        i1_0.order_id=?
Hibernate: 
    insert 
    into
        payments
        (amount, order_id, paid_at, refunded, refunded_at, transaction_id) 
    values
        (?, ?, ?, ?, ?, ?)
Hibernate: 
    update
        orders 
    set
        address_line=?,
        address_line2=?,
        city=?,
        country=?,
        coupon_code=?,
        discount_amount=?,
        phone=?,
        recipient_name=?,
        state=?,
        status=?,
        total_amount=?,
        user_id=?,
        zip_code=? 
    where
        id=?
Hibernate: 
    select
        u1_0.id,
        u1_0.created_at,
        u1_0.email,
        u1_0.full_name,
        u1_0.password_hash 
    from
        users u1_0 
    where
        upper(u1_0.email)=upper(?)
Hibernate: 
    select
        r1_0.user_id,
        r1_0.role 
    from
        user_roles r1_0 
    where
        r1_0.user_id=?
Hibernate: 
    select
        o1_0.id,
        o1_0.address_line,
        o1_0.address_line2,
        o1_0.city,
        o1_0.country,
        o1_0.coupon_code,
        o1_0.created_at,
        o1_0.discount_amount,
        o1_0.phone,
        o1_0.recipient_name,
        o1_0.state,
        o1_0.status,
        o1_0.total_amount,
        o1_0.user_id,
        o1_0.zip_code 
    from
        orders o1_0 
    where
        o1_0.user_id=? 
    order by
        o1_0.created_at desc
Hibernate: 
    select
        p1_0.id,
        p1_0.amount,
        p1_0.order_id,
        p1_0.paid_at,
        p1_0.refunded,
        p1_0.refunded_at,
        p1_0.transaction_id 
    from
        payments p1_0 
    where
        p1_0.order_id=?
Hibernate: 
    select
        i1_0.order_id,
        i1_0.id,
        i1_0.product_id,
        i1_0.product_name,
        i1_0.product_slug,
        i1_0.quantity,
        i1_0.unit_price 
    from
        order_items i1_0 
    where
        i1_0.order_id=?
Hibernate: 
    select
        p1_0.id,
        p1_0.active,
        p1_0.category_id,
        p1_0.created_at,
        p1_0.description,
        p1_0.low_stock_threshold,
        p1_0.name,
        p1_0.price,
        p1_0.sku,
        p1_0.slug,
        p1_0.stock_quantity 
    from
        products p1_0 
    where
        p1_0.id=?
Hibernate: 
    select
        r1_0.id,
        r1_0.comment,
        r1_0.created_at,
        r1_0.product_id,
        r1_0.rating,
        r1_0.user_id 
    from
        reviews r1_0 
    where
        r1_0.product_id=? 
    order by
        r1_0.created_at desc
2026-09-18T16:32:20.984+05:30  INFO 8223 --- [tradehub-api] [   File Watcher] rtingClassPathChangeChangedEventListener : Restarting due to 1 class path change (0 additions, 0 deletions, 1 modification)
2026-09-18T16:32:20.994+05:30  INFO 8223 --- [tradehub-api] [       Thread-1] o.s.boot.tomcat.GracefulShutdown         : Commencing graceful shutdown. Waiting for active requests to complete
2026-09-18T16:32:21.001+05:30  INFO 8223 --- [tradehub-api] [tomcat-shutdown] o.s.boot.tomcat.GracefulShutdown         : Graceful shutdown complete
2026-09-18T16:32:21.017+05:30  INFO 8223 --- [tradehub-api] [       Thread-1] j.LocalContainerEntityManagerFactoryBean : Closing JPA EntityManagerFactory for persistence unit 'default'
2026-09-18T16:32:21.025+05:30  INFO 8223 --- [tradehub-api] [       Thread-1] com.zaxxer.hikari.HikariDataSource       : HikariPool-1 - Shutdown initiated...
2026-09-18T16:32:21.029+05:30  INFO 8223 --- [tradehub-api] [       Thread-1] com.zaxxer.hikari.HikariDataSource       : HikariPool-1 - Shutdown completed.

  .   ____          _            __ _ _
 /\\ / ___'_ __ _ _(_)_ __  __ _ \ \ \ \
( ( )\___ | '_ | '_| | '_ \/ _` | \ \ \ \
 \\/  ___)| |_)| | | | | || (_| |  ) ) ) )
  '  |____| .__|_| |_|_| |_\__, | / / / /
 =========|_|==============|___/=/_/_/_/

 :: Spring Boot ::                (v4.1.1)

2026-09-18T16:32:21.115+05:30  INFO 8223 --- [tradehub-api] [  restartedMain] com.tradehub.TradehubApiApplication      : Starting TradehubApiApplication using Java 17.0.20 with PID 8223 (/home/anubhaw/Office/Java/TradeHub/backend/target/classes started by anubhaw in /home/anubhaw/Office/Java/TradeHub/backend)
2026-09-18T16:32:21.115+05:30  INFO 8223 --- [tradehub-api] [  restartedMain] com.tradehub.TradehubApiApplication      : No active profile set, falling back to 1 default profile: "default"
2026-09-18T16:32:21.255+05:30  INFO 8223 --- [tradehub-api] [  restartedMain] .s.d.r.c.RepositoryConfigurationDelegate : Bootstrapping Spring Data JPA repositories in DEFAULT mode.
2026-09-18T16:32:21.264+05:30  INFO 8223 --- [tradehub-api] [  restartedMain] .s.d.r.c.RepositoryConfigurationDelegate : Finished Spring Data repository scanning in 8 ms. Found 11 JPA repository interfaces.
2026-09-18T16:32:21.320+05:30  INFO 8223 --- [tradehub-api] [  restartedMain] o.s.boot.tomcat.TomcatWebServer          : Tomcat initialized with port 8080 (http)
2026-09-18T16:32:21.321+05:30  INFO 8223 --- [tradehub-api] [  restartedMain] o.apache.catalina.core.StandardService   : Starting service [Tomcat]
2026-09-18T16:32:21.321+05:30  INFO 8223 --- [tradehub-api] [  restartedMain] o.apache.catalina.core.StandardEngine    : Starting Servlet engine: [Apache Tomcat/11.0.24]
2026-09-18T16:32:21.326+05:30  INFO 8223 --- [tradehub-api] [  restartedMain] b.w.c.s.WebApplicationContextInitializer : Root WebApplicationContext: initialization completed in 210 ms
2026-09-18T16:32:21.357+05:30  INFO 8223 --- [tradehub-api] [  restartedMain] org.hibernate.orm.jpa                    : HHH008540: Processing PersistenceUnitInfo [name: default]
2026-09-18T16:32:21.367+05:30  INFO 8223 --- [tradehub-api] [  restartedMain] o.s.o.j.p.SpringPersistenceUnitInfo      : No LoadTimeWeaver setup: ignoring JPA class transformer
2026-09-18T16:32:21.367+05:30  INFO 8223 --- [tradehub-api] [  restartedMain] com.zaxxer.hikari.HikariDataSource       : HikariPool-2 - Starting...
2026-09-18T16:32:21.369+05:30  INFO 8223 --- [tradehub-api] [  restartedMain] com.zaxxer.hikari.pool.HikariPool        : HikariPool-2 - Added connection com.mysql.cj.jdbc.ConnectionImpl@51b5b4ae
2026-09-18T16:32:21.369+05:30  INFO 8223 --- [tradehub-api] [  restartedMain] com.zaxxer.hikari.HikariDataSource       : HikariPool-2 - Start completed.
2026-09-18T16:32:21.370+05:30  INFO 8223 --- [tradehub-api] [  restartedMain] org.hibernate.orm.connections.pooling    : HHH10001005: Database info:
	Database JDBC URL [jdbc:mysql://localhost:3306/tradehub_db?useSSL=false&allowPublicKeyRetrieval=true&serverTimezone=UTC]
	Database driver: MySQL Connector/J
	Database dialect: MySQLDialect
	Database version: 8.0.46
	Default catalog/schema: tradehub_db/undefined
	Autocommit mode: undefined/unknown
	Isolation level: REPEATABLE_READ [default REPEATABLE_READ]
	JDBC fetch size: none
	Pool: DataSourceConnectionProvider
	Minimum pool size: undefined/unknown
	Maximum pool size: undefined/unknown
2026-09-18T16:32:21.456+05:30  INFO 8223 --- [tradehub-api] [  restartedMain] org.hibernate.orm.core                   : HHH000489: No JTA platform available (set 'hibernate.transaction.jta.platform' to enable JTA platform integration)
Hibernate: 
    alter table coupons 
       modify column type enum ('FIXED','PERCENT') not null
Hibernate: 
    alter table orders 
       modify column status enum ('CANCELLED','DELIVERED','PAID','PLACED','SHIPPED') not null
2026-09-18T16:32:21.524+05:30  INFO 8223 --- [tradehub-api] [  restartedMain] j.LocalContainerEntityManagerFactoryBean : Initialized JPA EntityManagerFactory for persistence unit 'default'
2026-09-18T16:32:21.708+05:30  WARN 8223 --- [tradehub-api] [  restartedMain] JpaBaseConfiguration$JpaWebConfiguration : spring.jpa.open-in-view is enabled by default. Therefore, database queries may be performed during view rendering. Explicitly configure spring.jpa.open-in-view to disable this warning
2026-09-18T16:32:21.732+05:30  WARN 8223 --- [tradehub-api] [  restartedMain] .s.a.UserDetailsServiceAutoConfiguration : 

Using generated security password: 31eb59fd-5f53-4b73-a74e-7122577ac7df

This generated password is for development use only. Your security configuration must be updated before running your application in production.

2026-09-18T16:32:21.733+05:30  INFO 8223 --- [tradehub-api] [  restartedMain] r$InitializeUserDetailsManagerConfigurer : Global AuthenticationManager configured with UserDetailsService bean with name inMemoryUserDetailsManager
2026-09-18T16:32:21.856+05:30  INFO 8223 --- [tradehub-api] [  restartedMain] o.s.boot.tomcat.TomcatWebServer          : Tomcat started on port 8080 (http) with context path '/'
2026-09-18T16:32:21.858+05:30  INFO 8223 --- [tradehub-api] [  restartedMain] com.tradehub.TradehubApiApplication      : Started TradehubApiApplication in 0.752 seconds (process running for 193.751)
Hibernate: 
    select
        u1_0.id,
        u1_0.created_at,
        u1_0.email,
        u1_0.full_name,
        u1_0.password_hash 
    from
        users u1_0 
    where
        upper(u1_0.email)=upper(?)
Hibernate: 
    select
        r1_0.user_id,
        r1_0.role 
    from
        user_roles r1_0 
    where
        r1_0.user_id=?
Hibernate: 
    select
        count(*) 
    from
        users u1_0
2026-09-18T16:32:21.873+05:30  INFO 8223 --- [tradehub-api] [  restartedMain] com.tradehub.config.DataInitializer      : Database already contains data, skipping seed
2026-09-18T16:32:21.874+05:30  WARN 8223 --- [tradehub-api] [  restartedMain] o.s.core.events.SpringDocAppInitializer  : SpringDoc /v3/api-docs endpoint is enabled by default. To disable it in production, set the property 'springdoc.api-docs.enabled=false'
2026-09-18T16:32:21.874+05:30  WARN 8223 --- [tradehub-api] [  restartedMain] o.s.core.events.SpringDocAppInitializer  : SpringDoc /swagger-ui.html endpoint is enabled by default. To disable it in production, set the property 'springdoc.swagger-ui.enabled=false'
2026-09-18T16:32:21.874+05:30  INFO 8223 --- [tradehub-api] [  restartedMain] .ConditionEvaluationDeltaLoggingListener : Condition evaluation unchanged
2026-09-18T16:32:45.321+05:30  INFO 8223 --- [tradehub-api] [   File Watcher] rtingClassPathChangeChangedEventListener : Restarting due to 1 class path change (0 additions, 0 deletions, 1 modification)
2026-09-18T16:32:45.322+05:30  INFO 8223 --- [tradehub-api] [       Thread-5] o.s.boot.tomcat.GracefulShutdown         : Commencing graceful shutdown. Waiting for active requests to complete
2026-09-18T16:32:45.323+05:30  INFO 8223 --- [tradehub-api] [tomcat-shutdown] o.s.boot.tomcat.GracefulShutdown         : Graceful shutdown complete
2026-09-18T16:32:45.326+05:30  INFO 8223 --- [tradehub-api] [       Thread-5] j.LocalContainerEntityManagerFactoryBean : Closing JPA EntityManagerFactory for persistence unit 'default'
2026-09-18T16:32:45.326+05:30  INFO 8223 --- [tradehub-api] [       Thread-5] com.zaxxer.hikari.HikariDataSource       : HikariPool-2 - Shutdown initiated...
2026-09-18T16:32:45.327+05:30  INFO 8223 --- [tradehub-api] [       Thread-5] com.zaxxer.hikari.HikariDataSource       : HikariPool-2 - Shutdown completed.

  .   ____          _            __ _ _
 /\\ / ___'_ __ _ _(_)_ __  __ _ \ \ \ \
( ( )\___ | '_ | '_| | '_ \/ _` | \ \ \ \
 \\/  ___)| |_)| | | | | || (_| |  ) ) ) )
  '  |____| .__|_| |_|_| |_\__, | / / / /
 =========|_|==============|___/=/_/_/_/

 :: Spring Boot ::                (v4.1.1)

2026-09-18T16:32:45.380+05:30  INFO 8223 --- [tradehub-api] [  restartedMain] com.tradehub.TradehubApiApplication      : Starting TradehubApiApplication using Java 17.0.20 with PID 8223 (/home/anubhaw/Office/Java/TradeHub/backend/target/classes started by anubhaw in /home/anubhaw/Office/Java/TradeHub/backend)
2026-09-18T16:32:45.380+05:30  INFO 8223 --- [tradehub-api] [  restartedMain] com.tradehub.TradehubApiApplication      : No active profile set, falling back to 1 default profile: "default"
2026-09-18T16:32:45.447+05:30  INFO 8223 --- [tradehub-api] [  restartedMain] .s.d.r.c.RepositoryConfigurationDelegate : Bootstrapping Spring Data JPA repositories in DEFAULT mode.
2026-09-18T16:32:45.455+05:30  INFO 8223 --- [tradehub-api] [  restartedMain] .s.d.r.c.RepositoryConfigurationDelegate : Finished Spring Data repository scanning in 7 ms. Found 11 JPA repository interfaces.
2026-09-18T16:32:45.503+05:30  INFO 8223 --- [tradehub-api] [  restartedMain] o.s.boot.tomcat.TomcatWebServer          : Tomcat initialized with port 8080 (http)
2026-09-18T16:32:45.504+05:30  INFO 8223 --- [tradehub-api] [  restartedMain] o.apache.catalina.core.StandardService   : Starting service [Tomcat]
2026-09-18T16:32:45.504+05:30  INFO 8223 --- [tradehub-api] [  restartedMain] o.apache.catalina.core.StandardEngine    : Starting Servlet engine: [Apache Tomcat/11.0.24]
2026-09-18T16:32:45.508+05:30  INFO 8223 --- [tradehub-api] [  restartedMain] b.w.c.s.WebApplicationContextInitializer : Root WebApplicationContext: initialization completed in 127 ms
2026-09-18T16:32:45.537+05:30  INFO 8223 --- [tradehub-api] [  restartedMain] org.hibernate.orm.jpa                    : HHH008540: Processing PersistenceUnitInfo [name: default]
2026-09-18T16:32:45.545+05:30  INFO 8223 --- [tradehub-api] [  restartedMain] o.s.o.j.p.SpringPersistenceUnitInfo      : No LoadTimeWeaver setup: ignoring JPA class transformer
2026-09-18T16:32:45.545+05:30  INFO 8223 --- [tradehub-api] [  restartedMain] com.zaxxer.hikari.HikariDataSource       : HikariPool-3 - Starting...
2026-09-18T16:32:45.547+05:30  INFO 8223 --- [tradehub-api] [  restartedMain] com.zaxxer.hikari.pool.HikariPool        : HikariPool-3 - Added connection com.mysql.cj.jdbc.ConnectionImpl@4e9389ed
2026-09-18T16:32:45.547+05:30  INFO 8223 --- [tradehub-api] [  restartedMain] com.zaxxer.hikari.HikariDataSource       : HikariPool-3 - Start completed.
2026-09-18T16:32:45.548+05:30  INFO 8223 --- [tradehub-api] [  restartedMain] org.hibernate.orm.connections.pooling    : HHH10001005: Database info:
	Database JDBC URL [jdbc:mysql://localhost:3306/tradehub_db?useSSL=false&allowPublicKeyRetrieval=true&serverTimezone=UTC]
	Database driver: MySQL Connector/J
	Database dialect: MySQLDialect
	Database version: 8.0.46
	Default catalog/schema: tradehub_db/undefined
	Autocommit mode: undefined/unknown
	Isolation level: REPEATABLE_READ [default REPEATABLE_READ]
	JDBC fetch size: none
	Pool: DataSourceConnectionProvider
	Minimum pool size: undefined/unknown
	Maximum pool size: undefined/unknown
2026-09-18T16:32:45.620+05:30  INFO 8223 --- [tradehub-api] [  restartedMain] org.hibernate.orm.core                   : HHH000489: No JTA platform available (set 'hibernate.transaction.jta.platform' to enable JTA platform integration)
Hibernate: 
    alter table coupons 
       modify column type enum ('FIXED','PERCENT') not null
Hibernate: 
    alter table orders 
       modify column status enum ('CANCELLED','DELIVERED','PAID','PLACED','SHIPPED') not null
2026-09-18T16:32:45.710+05:30  INFO 8223 --- [tradehub-api] [  restartedMain] j.LocalContainerEntityManagerFactoryBean : Initialized JPA EntityManagerFactory for persistence unit 'default'
2026-09-18T16:32:45.917+05:30  WARN 8223 --- [tradehub-api] [  restartedMain] JpaBaseConfiguration$JpaWebConfiguration : spring.jpa.open-in-view is enabled by default. Therefore, database queries may be performed during view rendering. Explicitly configure spring.jpa.open-in-view to disable this warning
2026-09-18T16:32:45.940+05:30  WARN 8223 --- [tradehub-api] [  restartedMain] .s.a.UserDetailsServiceAutoConfiguration : 

Using generated security password: 19ef6ee5-4cd6-46b9-b773-5a791af30d8b

This generated password is for development use only. Your security configuration must be updated before running your application in production.

2026-09-18T16:32:45.941+05:30  INFO 8223 --- [tradehub-api] [  restartedMain] r$InitializeUserDetailsManagerConfigurer : Global AuthenticationManager configured with UserDetailsService bean with name inMemoryUserDetailsManager
2026-09-18T16:32:46.065+05:30  INFO 8223 --- [tradehub-api] [  restartedMain] o.s.boot.tomcat.TomcatWebServer          : Tomcat started on port 8080 (http) with context path '/'
2026-09-18T16:32:46.066+05:30  INFO 8223 --- [tradehub-api] [  restartedMain] com.tradehub.TradehubApiApplication      : Started TradehubApiApplication in 0.695 seconds (process running for 217.959)
Hibernate: 
    select
        u1_0.id,
        u1_0.created_at,
        u1_0.email,
        u1_0.full_name,
        u1_0.password_hash 
    from
        users u1_0 
    where
        upper(u1_0.email)=upper(?)
Hibernate: 
    select
        r1_0.user_id,
        r1_0.role 
    from
        user_roles r1_0 
    where
        r1_0.user_id=?
Hibernate: 
    select
        count(*) 
    from
        users u1_0
2026-09-18T16:32:46.082+05:30  INFO 8223 --- [tradehub-api] [  restartedMain] com.tradehub.config.DataInitializer      : Database already contains data, skipping seed
2026-09-18T16:32:46.082+05:30  WARN 8223 --- [tradehub-api] [  restartedMain] o.s.core.events.SpringDocAppInitializer  : SpringDoc /v3/api-docs endpoint is enabled by default. To disable it in production, set the property 'springdoc.api-docs.enabled=false'
2026-09-18T16:32:46.082+05:30  WARN 8223 --- [tradehub-api] [  restartedMain] o.s.core.events.SpringDocAppInitializer  : SpringDoc /swagger-ui.html endpoint is enabled by default. To disable it in production, set the property 'springdoc.swagger-ui.enabled=false'
2026-09-18T16:32:46.083+05:30  INFO 8223 --- [tradehub-api] [  restartedMain] .ConditionEvaluationDeltaLoggingListener : Condition evaluation unchanged
2026-09-18T16:33:22.481+05:30  INFO 8223 --- [tradehub-api] [nio-8080-exec-1] o.a.c.c.C.[Tomcat].[localhost].[/]       : Initializing Spring DispatcherServlet 'dispatcherServlet'
2026-09-18T16:33:22.481+05:30  INFO 8223 --- [tradehub-api] [nio-8080-exec-1] o.s.web.servlet.DispatcherServlet        : Initializing Servlet 'dispatcherServlet'
2026-09-18T16:33:22.482+05:30  INFO 8223 --- [tradehub-api] [nio-8080-exec-1] o.s.web.servlet.DispatcherServlet        : Completed initialization in 1 ms
Hibernate: 
    select
        c1_0.id,
        c1_0.active,
        c1_0.created_at,
        c1_0.description,
        c1_0.name,
        c1_0.slug 
    from
        categories c1_0 
    where
        c1_0.active=true 
    order by
        c1_0.name
Hibernate: 
    select
        c1_0.id,
        c1_0.active,
        c1_0.created_at,
        c1_0.description,
        c1_0.name,
        c1_0.slug 
    from
        categories c1_0 
    where
        c1_0.active=true 
    order by
        c1_0.name
Hibernate: 
    select
        u1_0.id 
    from
        users u1_0 
    where
        upper(u1_0.email)=upper(?) 
    limit
        ?
Hibernate: 
    insert 
    into
        users
        (created_at, email, full_name, password_hash) 
    values
        (?, ?, ?, ?)
Hibernate: 
    insert 
    into
        user_roles
        (user_id, role) 
    values
        (?, ?)
Hibernate: 
    select
        u1_0.id,
        u1_0.created_at,
        u1_0.email,
        u1_0.full_name,
        u1_0.password_hash 
    from
        users u1_0 
    where
        upper(u1_0.email)=upper(?)
Hibernate: 
    select
        r1_0.user_id,
        r1_0.role 
    from
        user_roles r1_0 
    where
        r1_0.user_id=?
Hibernate: 
    select
        u1_0.id,
        u1_0.created_at,
        u1_0.email,
        u1_0.full_name,
        u1_0.password_hash 
    from
        users u1_0 
    where
        upper(u1_0.email)=upper(?)
Hibernate: 
    select
        r1_0.user_id,
        r1_0.role 
    from
        user_roles r1_0 
    where
        r1_0.user_id=?
Hibernate: 
    select
        c1_0.id,
        c1_0.active,
        c1_0.created_at,
        c1_0.description,
        c1_0.name,
        c1_0.slug 
    from
        categories c1_0 
    where
        c1_0.active=true 
    order by
        c1_0.name
Hibernate: 
    select
        p1_0.id,
        p1_0.active,
        p1_0.category_id,
        p1_0.created_at,
        p1_0.description,
        p1_0.low_stock_threshold,
        p1_0.name,
        p1_0.price,
        p1_0.sku,
        p1_0.slug,
        p1_0.stock_quantity 
    from
        products p1_0 
    where
        p1_0.active=true 
    order by
        p1_0.created_at desc 
    limit
        ?
Hibernate: 
    select
        c1_0.id,
        c1_0.active,
        c1_0.created_at,
        c1_0.description,
        c1_0.name,
        c1_0.slug 
    from
        categories c1_0 
    where
        c1_0.id=?
Hibernate: 
    select
        c1_0.id,
        c1_0.active,
        c1_0.created_at,
        c1_0.description,
        c1_0.name,
        c1_0.slug 
    from
        categories c1_0 
    where
        c1_0.id=?
Hibernate: 
    select
        c1_0.id,
        c1_0.active,
        c1_0.created_at,
        c1_0.description,
        c1_0.name,
        c1_0.slug 
    from
        categories c1_0 
    where
        c1_0.id=?
Hibernate: 
    select
        c1_0.id,
        c1_0.active,
        c1_0.created_at,
        c1_0.description,
        c1_0.name,
        c1_0.slug 
    from
        categories c1_0 
    where
        c1_0.id=?
Hibernate: 
    select
        p1_0.id,
        p1_0.active,
        p1_0.category_id,
        p1_0.created_at,
        p1_0.description,
        p1_0.low_stock_threshold,
        p1_0.name,
        p1_0.price,
        p1_0.sku,
        p1_0.slug,
        p1_0.stock_quantity 
    from
        products p1_0 
    where
        p1_0.slug=?
Hibernate: 
    select
        c1_0.id,
        c1_0.active,
        c1_0.created_at,
        c1_0.description,
        c1_0.name,
        c1_0.slug 
    from
        categories c1_0 
    where
        c1_0.id=?
Hibernate: 
    select
        u1_0.id,
        u1_0.created_at,
        u1_0.email,
        u1_0.full_name,
        u1_0.password_hash 
    from
        users u1_0 
    where
        upper(u1_0.email)=upper(?)
Hibernate: 
    select
        r1_0.user_id,
        r1_0.role 
    from
        user_roles r1_0 
    where
        r1_0.user_id=?
Hibernate: 
    select
        c1_0.id,
        c1_0.user_id 
    from
        carts c1_0 
    where
        c1_0.user_id=?
Hibernate: 
    insert 
    into
        carts
        (user_id) 
    values
        (?)
Hibernate: 
    select
        p1_0.id,
        p1_0.active,
        p1_0.category_id,
        p1_0.created_at,
        p1_0.description,
        p1_0.low_stock_threshold,
        p1_0.name,
        p1_0.price,
        p1_0.sku,
        p1_0.slug,
        p1_0.stock_quantity 
    from
        products p1_0 
    where
        p1_0.id=?
Hibernate: 
    select
        ci1_0.id,
        ci1_0.cart_id,
        ci1_0.product_id,
        ci1_0.quantity,
        ci1_0.unit_price 
    from
        cart_items ci1_0 
    where
        ci1_0.cart_id=? 
        and ci1_0.product_id=?
Hibernate: 
    insert 
    into
        cart_items
        (cart_id, product_id, quantity, unit_price) 
    values
        (?, ?, ?, ?)
Hibernate: 
    select
        u1_0.id,
        u1_0.created_at,
        u1_0.email,
        u1_0.full_name,
        u1_0.password_hash 
    from
        users u1_0 
    where
        upper(u1_0.email)=upper(?)
Hibernate: 
    select
        r1_0.user_id,
        r1_0.role 
    from
        user_roles r1_0 
    where
        r1_0.user_id=?
Hibernate: 
    select
        c1_0.id,
        c1_0.user_id 
    from
        carts c1_0 
    where
        c1_0.user_id=?
Hibernate: 
    select
        i1_0.cart_id,
        i1_0.id,
        i1_0.product_id,
        i1_0.quantity,
        i1_0.unit_price 
    from
        cart_items i1_0 
    where
        i1_0.cart_id=?
Hibernate: 
    select
        p1_0.id,
        p1_0.active,
        p1_0.category_id,
        p1_0.created_at,
        p1_0.description,
        p1_0.low_stock_threshold,
        p1_0.name,
        p1_0.price,
        p1_0.sku,
        p1_0.slug,
        p1_0.stock_quantity 
    from
        products p1_0 
    where
        p1_0.id=?
Hibernate: 
    select
        u1_0.id,
        u1_0.created_at,
        u1_0.email,
        u1_0.full_name,
        u1_0.password_hash 
    from
        users u1_0 
    where
        upper(u1_0.email)=upper(?)
Hibernate: 
    select
        r1_0.user_id,
        r1_0.role 
    from
        user_roles r1_0 
    where
        r1_0.user_id=?
Hibernate: 
    select
        c1_0.id,
        c1_0.user_id 
    from
        carts c1_0 
    where
        c1_0.user_id=?
Hibernate: 
    select
        ci1_0.id,
        ci1_0.cart_id,
        ci1_0.product_id,
        ci1_0.quantity,
        ci1_0.unit_price 
    from
        cart_items ci1_0 
    where
        ci1_0.id=?
Hibernate: 
    select
        p1_0.id,
        p1_0.active,
        p1_0.category_id,
        p1_0.created_at,
        p1_0.description,
        p1_0.low_stock_threshold,
        p1_0.name,
        p1_0.price,
        p1_0.sku,
        p1_0.slug,
        p1_0.stock_quantity 
    from
        products p1_0 
    where
        p1_0.id=?
Hibernate: 
    select
        i1_0.cart_id,
        i1_0.id,
        i1_0.product_id,
        i1_0.quantity,
        i1_0.unit_price 
    from
        cart_items i1_0 
    where
        i1_0.cart_id=?
Hibernate: 
    update
        cart_items 
    set
        cart_id=?,
        product_id=?,
        quantity=?,
        unit_price=? 
    where
        id=?
Hibernate: 
    select
        u1_0.id,
        u1_0.created_at,
        u1_0.email,
        u1_0.full_name,
        u1_0.password_hash 
    from
        users u1_0 
    where
        upper(u1_0.email)=upper(?)
Hibernate: 
    select
        r1_0.user_id,
        r1_0.role 
    from
        user_roles r1_0 
    where
        r1_0.user_id=?
Hibernate: 
    select
        c1_0.id,
        c1_0.user_id 
    from
        carts c1_0 
    where
        c1_0.user_id=?
Hibernate: 
    select
        i1_0.cart_id,
        i1_0.id,
        i1_0.product_id,
        i1_0.quantity,
        i1_0.unit_price 
    from
        cart_items i1_0 
    where
        i1_0.cart_id=?
Hibernate: 
    select
        p1_0.id,
        p1_0.active,
        p1_0.category_id,
        p1_0.created_at,
        p1_0.description,
        p1_0.low_stock_threshold,
        p1_0.name,
        p1_0.price,
        p1_0.sku,
        p1_0.slug,
        p1_0.stock_quantity 
    from
        products p1_0 
    where
        p1_0.id=?
Hibernate: 
    select
        u1_0.id,
        u1_0.created_at,
        u1_0.email,
        u1_0.full_name,
        u1_0.password_hash 
    from
        users u1_0 
    where
        upper(u1_0.email)=upper(?)
Hibernate: 
    select
        r1_0.user_id,
        r1_0.role 
    from
        user_roles r1_0 
    where
        r1_0.user_id=?
Hibernate: 
    select
        c1_0.id,
        c1_0.user_id 
    from
        carts c1_0 
    where
        c1_0.user_id=?
Hibernate: 
    select
        i1_0.cart_id,
        i1_0.id,
        i1_0.product_id,
        i1_0.quantity,
        i1_0.unit_price 
    from
        cart_items i1_0 
    where
        i1_0.cart_id=?
Hibernate: 
    select
        p1_0.id,
        p1_0.active,
        p1_0.category_id,
        p1_0.created_at,
        p1_0.description,
        p1_0.low_stock_threshold,
        p1_0.name,
        p1_0.price,
        p1_0.sku,
        p1_0.slug,
        p1_0.stock_quantity 
    from
        products p1_0 
    where
        p1_0.id=?
Hibernate: 
    select
        c1_0.id,
        c1_0.active,
        c1_0.code,
        c1_0.created_at,
        c1_0.max_discount,
        c1_0.max_uses,
        c1_0.min_order_amount,
        c1_0.type,
        c1_0.used_count,
        c1_0.valid_from,
        c1_0.valid_until,
        c1_0.discount_value 
    from
        coupons c1_0 
    where
        c1_0.code=?
Hibernate: 
    update
        products 
    set
        active=?,
        category_id=?,
        description=?,
        low_stock_threshold=?,
        name=?,
        price=?,
        sku=?,
        slug=?,
        stock_quantity=? 
    where
        id=?
Hibernate: 
    update
        coupons 
    set
        active=?,
        code=?,
        max_discount=?,
        max_uses=?,
        min_order_amount=?,
        type=?,
        used_count=?,
        valid_from=?,
        valid_until=?,
        discount_value=? 
    where
        id=?
Hibernate: 
    select
        c1_0.id,
        c1_0.active,
        c1_0.code,
        c1_0.created_at,
        c1_0.max_discount,
        c1_0.max_uses,
        c1_0.min_order_amount,
        c1_0.type,
        c1_0.used_count,
        c1_0.valid_from,
        c1_0.valid_until,
        c1_0.discount_value 
    from
        coupons c1_0 
    where
        c1_0.code=?
Hibernate: 
    insert 
    into
        orders
        (address_line, address_line2, city, country, coupon_code, created_at, discount_amount, phone, recipient_name, state, status, total_amount, user_id, zip_code) 
    values
        (?, ?, ?, ?, ?, ?, ?, ?, ?, ?, ?, ?, ?, ?)
Hibernate: 
    insert 
    into
        order_items
        (order_id, product_id, product_name, product_slug, quantity, unit_price) 
    values
        (?, ?, ?, ?, ?, ?)
Hibernate: 
    delete 
    from
        cart_items 
    where
        id=?
Hibernate: 
    select
        u1_0.id,
        u1_0.created_at,
        u1_0.email,
        u1_0.full_name,
        u1_0.password_hash 
    from
        users u1_0 
    where
        upper(u1_0.email)=upper(?)
Hibernate: 
    select
        r1_0.user_id,
        r1_0.role 
    from
        user_roles r1_0 
    where
        r1_0.user_id=?
Hibernate: 
    select
        o1_0.id,
        o1_0.address_line,
        o1_0.address_line2,
        o1_0.city,
        o1_0.country,
        o1_0.coupon_code,
        o1_0.created_at,
        o1_0.discount_amount,
        o1_0.phone,
        o1_0.recipient_name,
        o1_0.state,
        o1_0.status,
        o1_0.total_amount,
        o1_0.user_id,
        o1_0.zip_code 
    from
        orders o1_0 
    where
        o1_0.id=? 
        and o1_0.user_id=?
Hibernate: 
    select
        p1_0.id,
        p1_0.amount,
        p1_0.order_id,
        p1_0.paid_at,
        p1_0.refunded,
        p1_0.refunded_at,
        p1_0.transaction_id 
    from
        payments p1_0 
    where
        p1_0.order_id=?
Hibernate: 
    select
        i1_0.order_id,
        i1_0.id,
        i1_0.product_id,
        i1_0.product_name,
        i1_0.product_slug,
        i1_0.quantity,
        i1_0.unit_price 
    from
        order_items i1_0 
    where
        i1_0.order_id=?
Hibernate: 
    insert 
    into
        payments
        (amount, order_id, paid_at, refunded, refunded_at, transaction_id) 
    values
        (?, ?, ?, ?, ?, ?)
Hibernate: 
    update
        orders 
    set
        address_line=?,
        address_line2=?,
        city=?,
        country=?,
        coupon_code=?,
        discount_amount=?,
        phone=?,
        recipient_name=?,
        state=?,
        status=?,
        total_amount=?,
        user_id=?,
        zip_code=? 
    where
        id=?
Hibernate: 
    select
        u1_0.id,
        u1_0.created_at,
        u1_0.email,
        u1_0.full_name,
        u1_0.password_hash 
    from
        users u1_0 
    where
        upper(u1_0.email)=upper(?)
Hibernate: 
    select
        r1_0.user_id,
        r1_0.role 
    from
        user_roles r1_0 
    where
        r1_0.user_id=?
Hibernate: 
    select
        o1_0.id,
        o1_0.address_line,
        o1_0.address_line2,
        o1_0.city,
        o1_0.country,
        o1_0.coupon_code,
        o1_0.created_at,
        o1_0.discount_amount,
        o1_0.phone,
        o1_0.recipient_name,
        o1_0.state,
        o1_0.status,
        o1_0.total_amount,
        o1_0.user_id,
        o1_0.zip_code 
    from
        orders o1_0 
    where
        o1_0.user_id=? 
    order by
        o1_0.created_at desc
Hibernate: 
    select
        p1_0.id,
        p1_0.amount,
        p1_0.order_id,
        p1_0.paid_at,
        p1_0.refunded,
        p1_0.refunded_at,
        p1_0.transaction_id 
    from
        payments p1_0 
    where
        p1_0.order_id=?
Hibernate: 
    select
        i1_0.order_id,
        i1_0.id,
        i1_0.product_id,
        i1_0.product_name,
        i1_0.product_slug,
        i1_0.quantity,
        i1_0.unit_price 
    from
        order_items i1_0 
    where
        i1_0.order_id=?
Hibernate: 
    select
        p1_0.id,
        p1_0.active,
        p1_0.category_id,
        p1_0.created_at,
        p1_0.description,
        p1_0.low_stock_threshold,
        p1_0.name,
        p1_0.price,
        p1_0.sku,
        p1_0.slug,
        p1_0.stock_quantity 
    from
        products p1_0 
    where
        p1_0.id=?
Hibernate: 
    select
        r1_0.id,
        r1_0.comment,
        r1_0.created_at,
        r1_0.product_id,
        r1_0.rating,
        r1_0.user_id 
    from
        reviews r1_0 
    where
        r1_0.product_id=? 
    order by
        r1_0.created_at desc
Hibernate: 
    select
        c1_0.id,
        c1_0.active,
        c1_0.created_at,
        c1_0.description,
        c1_0.name,
        c1_0.slug 
    from
        categories c1_0 
    where
        c1_0.active=true 
    order by
        c1_0.name
Hibernate: 
    select
        u1_0.id,
        u1_0.created_at,
        u1_0.email,
        u1_0.full_name,
        u1_0.password_hash 
    from
        users u1_0 
    where
        upper(u1_0.email)=upper(?)
Hibernate: 
    select
        r1_0.user_id,
        r1_0.role 
    from
        user_roles r1_0 
    where
        r1_0.user_id=?
2026-09-18T16:53:35.381+05:30  WARN 8223 --- [tradehub-api] [nio-8080-exec-7] .m.m.a.ExceptionHandlerExceptionResolver : Resolved [com.tradehub.common.exception.InvalidCredentialsException: Invalid email or password]
Hibernate: 
    select
        u1_0.id,
        u1_0.created_at,
        u1_0.email,
        u1_0.full_name,
        u1_0.password_hash 
    from
        users u1_0 
    where
        upper(u1_0.email)=upper(?)
Hibernate: 
    select
        r1_0.user_id,
        r1_0.role 
    from
        user_roles r1_0 
    where
        r1_0.user_id=?
Hibernate: 
    select
        u1_0.id,
        u1_0.created_at,
        u1_0.email,
        u1_0.full_name,
        u1_0.password_hash 
    from
        users u1_0 
    where
        upper(u1_0.email)=upper(?)
Hibernate: 
    select
        r1_0.user_id,
        r1_0.role 
    from
        user_roles r1_0 
    where
        r1_0.user_id=?
Hibernate: 
    select
        c1_0.id,
        c1_0.active,
        c1_0.created_at,
        c1_0.description,
        c1_0.name,
        c1_0.slug 
    from
        categories c1_0 
    where
        c1_0.active=true 
    order by
        c1_0.name
Hibernate: 
    select
        p1_0.id,
        p1_0.active,
        p1_0.category_id,
        p1_0.created_at,
        p1_0.description,
        p1_0.low_stock_threshold,
        p1_0.name,
        p1_0.price,
        p1_0.sku,
        p1_0.slug,
        p1_0.stock_quantity 
    from
        products p1_0 
    where
        p1_0.active=true 
    order by
        p1_0.created_at desc 
    limit
        ?
Hibernate: 
    select
        c1_0.id,
        c1_0.active,
        c1_0.created_at,
        c1_0.description,
        c1_0.name,
        c1_0.slug 
    from
        categories c1_0 
    where
        c1_0.id=?
Hibernate: 
    select
        c1_0.id,
        c1_0.active,
        c1_0.created_at,
        c1_0.description,
        c1_0.name,
        c1_0.slug 
    from
        categories c1_0 
    where
        c1_0.id=?
Hibernate: 
    select
        c1_0.id,
        c1_0.active,
        c1_0.created_at,
        c1_0.description,
        c1_0.name,
        c1_0.slug 
    from
        categories c1_0 
    where
        c1_0.id=?
Hibernate: 
    select
        c1_0.id,
        c1_0.active,
        c1_0.created_at,
        c1_0.description,
        c1_0.name,
        c1_0.slug 
    from
        categories c1_0 
    where
        c1_0.id=?
Hibernate: 
    select
        p1_0.id,
        p1_0.active,
        p1_0.category_id,
        p1_0.created_at,
        p1_0.description,
        p1_0.low_stock_threshold,
        p1_0.name,
        p1_0.price,
        p1_0.sku,
        p1_0.slug,
        p1_0.stock_quantity 
    from
        products p1_0 
    join
        categories c1_0 
            on c1_0.id=p1_0.category_id 
    where
        p1_0.active=true 
        and c1_0.slug=? 
    order by
        p1_0.created_at desc 
    limit
        ?
Hibernate: 
    select
        c1_0.id,
        c1_0.active,
        c1_0.created_at,
        c1_0.description,
        c1_0.name,
        c1_0.slug 
    from
        categories c1_0 
    where
        c1_0.id=?
Hibernate: 
    select
        p1_0.id,
        p1_0.active,
        p1_0.category_id,
        p1_0.created_at,
        p1_0.description,
        p1_0.low_stock_threshold,
        p1_0.name,
        p1_0.price,
        p1_0.sku,
        p1_0.slug,
        p1_0.stock_quantity 
    from
        products p1_0 
    join
        categories c1_0 
            on c1_0.id=p1_0.category_id 
    where
        p1_0.active=true 
        and c1_0.slug=? 
    order by
        p1_0.created_at desc 
    limit
        ?
Hibernate: 
    select
        c1_0.id,
        c1_0.active,
        c1_0.created_at,
        c1_0.description,
        c1_0.name,
        c1_0.slug 
    from
        categories c1_0 
    where
        c1_0.id=?
Hibernate: 
    select
        p1_0.id,
        p1_0.active,
        p1_0.category_id,
        p1_0.created_at,
        p1_0.description,
        p1_0.low_stock_threshold,
        p1_0.name,
        p1_0.price,
        p1_0.sku,
        p1_0.slug,
        p1_0.stock_quantity 
    from
        products p1_0 
    join
        categories c1_0 
            on c1_0.id=p1_0.category_id 
    where
        p1_0.active=true 
        and c1_0.slug=? 
    order by
        p1_0.created_at desc 
    limit
        ?
Hibernate: 
    select
        c1_0.id,
        c1_0.active,
        c1_0.created_at,
        c1_0.description,
        c1_0.name,
        c1_0.slug 
    from
        categories c1_0 
    where
        c1_0.id=?
Hibernate: 
    select
        p1_0.id,
        p1_0.active,
        p1_0.category_id,
        p1_0.created_at,
        p1_0.description,
        p1_0.low_stock_threshold,
        p1_0.name,
        p1_0.price,
        p1_0.sku,
        p1_0.slug,
        p1_0.stock_quantity 
    from
        products p1_0 
    where
        p1_0.active=true 
    order by
        p1_0.created_at desc 
    limit
        ?
Hibernate: 
    select
        c1_0.id,
        c1_0.active,
        c1_0.created_at,
        c1_0.description,
        c1_0.name,
        c1_0.slug 
    from
        categories c1_0 
    where
        c1_0.id=?
Hibernate: 
    select
        c1_0.id,
        c1_0.active,
        c1_0.created_at,
        c1_0.description,
        c1_0.name,
        c1_0.slug 
    from
        categories c1_0 
    where
        c1_0.id=?
Hibernate: 
    select
        c1_0.id,
        c1_0.active,
        c1_0.created_at,
        c1_0.description,
        c1_0.name,
        c1_0.slug 
    from
        categories c1_0 
    where
        c1_0.id=?
Hibernate: 
    select
        c1_0.id,
        c1_0.active,
        c1_0.created_at,
        c1_0.description,
        c1_0.name,
        c1_0.slug 
    from
        categories c1_0 
    where
        c1_0.id=?
Hibernate: 
    select
        u1_0.id,
        u1_0.created_at,
        u1_0.email,
        u1_0.full_name,
        u1_0.password_hash 
    from
        users u1_0 
    where
        upper(u1_0.email)=upper(?)
Hibernate: 
    select
        r1_0.user_id,
        r1_0.role 
    from
        user_roles r1_0 
    where
        r1_0.user_id=?
Hibernate: 
    select
        c1_0.id,
        c1_0.user_id 
    from
        carts c1_0 
    where
        c1_0.user_id=?
Hibernate: 
    insert 
    into
        carts
        (user_id) 
    values
        (?)
Hibernate: 
    select
        u1_0.id,
        u1_0.created_at,
        u1_0.email,
        u1_0.full_name,
        u1_0.password_hash 
    from
        users u1_0 
    where
        upper(u1_0.email)=upper(?)
Hibernate: 
    select
        r1_0.user_id,
        r1_0.role 
    from
        user_roles r1_0 
    where
        r1_0.user_id=?
Hibernate: 
    select
        c1_0.id,
        c1_0.user_id 
    from
        carts c1_0 
    where
        c1_0.user_id=?
Hibernate: 
    select
        i1_0.cart_id,
        i1_0.id,
        i1_0.product_id,
        i1_0.quantity,
        i1_0.unit_price 
    from
        cart_items i1_0 
    where
        i1_0.cart_id=?
Hibernate: 
    select
        u1_0.id,
        u1_0.created_at,
        u1_0.email,
        u1_0.full_name,
        u1_0.password_hash 
    from
        users u1_0 
    where
        upper(u1_0.email)=upper(?)
Hibernate: 
    select
        r1_0.user_id,
        r1_0.role 
    from
        user_roles r1_0 
    where
        r1_0.user_id=?
Hibernate: 
    select
        o1_0.id,
        o1_0.address_line,
        o1_0.address_line2,
        o1_0.city,
        o1_0.country,
        o1_0.coupon_code,
        o1_0.created_at,
        o1_0.discount_amount,
        o1_0.phone,
        o1_0.recipient_name,
        o1_0.state,
        o1_0.status,
        o1_0.total_amount,
        o1_0.user_id,
        o1_0.zip_code 
    from
        orders o1_0 
    where
        o1_0.user_id=? 
    order by
        o1_0.created_at desc
Hibernate: 
    select
        u1_0.id,
        u1_0.created_at,
        u1_0.email,
        u1_0.full_name,
        u1_0.password_hash 
    from
        users u1_0 
    where
        upper(u1_0.email)=upper(?)
Hibernate: 
    select
        r1_0.user_id,
        r1_0.role 
    from
        user_roles r1_0 
    where
        r1_0.user_id=?
Hibernate: 
    select
        u1_0.id,
        u1_0.created_at,
        u1_0.email,
        u1_0.full_name,
        u1_0.password_hash 
    from
        users u1_0 
    where
        upper(u1_0.email)=upper(?)
Hibernate: 
    select
        r1_0.user_id,
        r1_0.role 
    from
        user_roles r1_0 
    where
        r1_0.user_id=?
Hibernate: 
    select
        u1_0.id,
        u1_0.created_at,
        u1_0.email,
        u1_0.full_name,
        u1_0.password_hash 
    from
        users u1_0 
    where
        upper(u1_0.email)=upper(?)
Hibernate: 
    select
        r1_0.user_id,
        r1_0.role 
    from
        user_roles r1_0 
    where
        r1_0.user_id=?
Hibernate: 
    select
        c1_0.id,
        c1_0.user_id 
    from
        carts c1_0 
    where
        c1_0.user_id=?
Hibernate: 
    insert 
    into
        carts
        (user_id) 
    values
        (?)
Hibernate: 
    select
        p1_0.id,
        p1_0.active,
        p1_0.category_id,
        p1_0.created_at,
        p1_0.description,
        p1_0.low_stock_threshold,
        p1_0.name,
        p1_0.price,
        p1_0.sku,
        p1_0.slug,
        p1_0.stock_quantity 
    from
        products p1_0 
    where
        p1_0.active=true 
    order by
        p1_0.created_at desc 
    limit
        ?
Hibernate: 
    select
        c1_0.id,
        c1_0.active,
        c1_0.created_at,
        c1_0.description,
        c1_0.name,
        c1_0.slug 
    from
        categories c1_0 
    where
        c1_0.active=true 
    order by
        c1_0.name
Hibernate: 
    select
        c1_0.id,
        c1_0.active,
        c1_0.created_at,
        c1_0.description,
        c1_0.name,
        c1_0.slug 
    from
        categories c1_0 
    where
        c1_0.id=?
Hibernate: 
    select
        c1_0.id,
        c1_0.active,
        c1_0.created_at,
        c1_0.description,
        c1_0.name,
        c1_0.slug 
    from
        categories c1_0 
    where
        c1_0.id=?
Hibernate: 
    select
        c1_0.id,
        c1_0.active,
        c1_0.created_at,
        c1_0.description,
        c1_0.name,
        c1_0.slug 
    from
        categories c1_0 
    where
        c1_0.id=?
Hibernate: 
    select
        c1_0.id,
        c1_0.active,
        c1_0.created_at,
        c1_0.description,
        c1_0.name,
        c1_0.slug 
    from
        categories c1_0 
    where
        c1_0.id=?
Hibernate: 
    select
        p1_0.id,
        p1_0.active,
        p1_0.category_id,
        p1_0.created_at,
        p1_0.description,
        p1_0.low_stock_threshold,
        p1_0.name,
        p1_0.price,
        p1_0.sku,
        p1_0.slug,
        p1_0.stock_quantity 
    from
        products p1_0 
    where
        p1_0.slug=?
Hibernate: 
    select
        c1_0.id,
        c1_0.active,
        c1_0.created_at,
        c1_0.description,
        c1_0.name,
        c1_0.slug 
    from
        categories c1_0 
    where
        c1_0.id=?
Hibernate: 
    select
        p1_0.id,
        p1_0.active,
        p1_0.category_id,
        p1_0.created_at,
        p1_0.description,
        p1_0.low_stock_threshold,
        p1_0.name,
        p1_0.price,
        p1_0.sku,
        p1_0.slug,
        p1_0.stock_quantity 
    from
        products p1_0 
    where
        p1_0.id=?
Hibernate: 
    select
        r1_0.id,
        r1_0.comment,
        r1_0.created_at,
        r1_0.product_id,
        r1_0.rating,
        r1_0.user_id 
    from
        reviews r1_0 
    where
        r1_0.product_id=? 
    order by
        r1_0.created_at desc
Hibernate: 
    select
        u1_0.id,
        u1_0.created_at,
        u1_0.email,
        u1_0.full_name,
        u1_0.password_hash 
    from
        users u1_0 
    where
        upper(u1_0.email)=upper(?)
Hibernate: 
    select
        r1_0.user_id,
        r1_0.role 
    from
        user_roles r1_0 
    where
        r1_0.user_id=?
Hibernate: 
    select
        c1_0.id,
        c1_0.user_id 
    from
        carts c1_0 
    where
        c1_0.user_id=?
Hibernate: 
    select
        p1_0.id,
        p1_0.active,
        p1_0.category_id,
        p1_0.created_at,
        p1_0.description,
        p1_0.low_stock_threshold,
        p1_0.name,
        p1_0.price,
        p1_0.sku,
        p1_0.slug,
        p1_0.stock_quantity 
    from
        products p1_0 
    where
        p1_0.id=?
Hibernate: 
    select
        ci1_0.id,
        ci1_0.cart_id,
        ci1_0.product_id,
        ci1_0.quantity,
        ci1_0.unit_price 
    from
        cart_items ci1_0 
    where
        ci1_0.cart_id=? 
        and ci1_0.product_id=?
Hibernate: 
    insert 
    into
        cart_items
        (cart_id, product_id, quantity, unit_price) 
    values
        (?, ?, ?, ?)
Hibernate: 
    select
        i1_0.cart_id,
        i1_0.id,
        i1_0.product_id,
        i1_0.quantity,
        i1_0.unit_price 
    from
        cart_items i1_0 
    where
        i1_0.cart_id=?
Hibernate: 
    select
        u1_0.id,
        u1_0.created_at,
        u1_0.email,
        u1_0.full_name,
        u1_0.password_hash 
    from
        users u1_0 
    where
        upper(u1_0.email)=upper(?)
Hibernate: 
    select
        r1_0.user_id,
        r1_0.role 
    from
        user_roles r1_0 
    where
        r1_0.user_id=?
Hibernate: 
    select
        c1_0.id,
        c1_0.user_id 
    from
        carts c1_0 
    where
        c1_0.user_id=?
Hibernate: 
    select
        i1_0.cart_id,
        i1_0.id,
        i1_0.product_id,
        i1_0.quantity,
        i1_0.unit_price 
    from
        cart_items i1_0 
    where
        i1_0.cart_id=?
Hibernate: 
    select
        p1_0.id,
        p1_0.active,
        p1_0.category_id,
        p1_0.created_at,
        p1_0.description,
        p1_0.low_stock_threshold,
        p1_0.name,
        p1_0.price,
        p1_0.sku,
        p1_0.slug,
        p1_0.stock_quantity 
    from
        products p1_0 
    where
        p1_0.id=?
Hibernate: 
    select
        u1_0.id,
        u1_0.created_at,
        u1_0.email,
        u1_0.full_name,
        u1_0.password_hash 
    from
        users u1_0 
    where
        upper(u1_0.email)=upper(?)
Hibernate: 
    select
        r1_0.user_id,
        r1_0.role 
    from
        user_roles r1_0 
    where
        r1_0.user_id=?
Hibernate: 
    select
        c1_0.id,
        c1_0.user_id 
    from
        carts c1_0 
    where
        c1_0.user_id=?
Hibernate: 
    select
        i1_0.cart_id,
        i1_0.id,
        i1_0.product_id,
        i1_0.quantity,
        i1_0.unit_price 
    from
        cart_items i1_0 
    where
        i1_0.cart_id=?
Hibernate: 
    select
        p1_0.id,
        p1_0.active,
        p1_0.category_id,
        p1_0.created_at,
        p1_0.description,
        p1_0.low_stock_threshold,
        p1_0.name,
        p1_0.price,
        p1_0.sku,
        p1_0.slug,
        p1_0.stock_quantity 
    from
        products p1_0 
    where
        p1_0.id=?
Hibernate: 
    select
        u1_0.id,
        u1_0.created_at,
        u1_0.email,
        u1_0.full_name,
        u1_0.password_hash 
    from
        users u1_0 
    where
        upper(u1_0.email)=upper(?)
Hibernate: 
    select
        r1_0.user_id,
        r1_0.role 
    from
        user_roles r1_0 
    where
        r1_0.user_id=?
Hibernate: 
    select
        c1_0.id,
        c1_0.user_id 
    from
        carts c1_0 
    where
        c1_0.user_id=?
Hibernate: 
    select
        i1_0.cart_id,
        i1_0.id,
        i1_0.product_id,
        i1_0.quantity,
        i1_0.unit_price 
    from
        cart_items i1_0 
    where
        i1_0.cart_id=?
Hibernate: 
    delete 
    from
        cart_items 
    where
        id=?
Hibernate: 
    select
        u1_0.id,
        u1_0.created_at,
        u1_0.email,
        u1_0.full_name,
        u1_0.password_hash 
    from
        users u1_0 
    where
        upper(u1_0.email)=upper(?)
Hibernate: 
    select
        r1_0.user_id,
        r1_0.role 
    from
        user_roles r1_0 
    where
        r1_0.user_id=?
Hibernate: 
    select
        c1_0.id,
        c1_0.user_id 
    from
        carts c1_0 
    where
        c1_0.user_id=?
Hibernate: 
    select
        i1_0.cart_id,
        i1_0.id,
        i1_0.product_id,
        i1_0.quantity,
        i1_0.unit_price 
    from
        cart_items i1_0 
    where
        i1_0.cart_id=?
Hibernate: 
    select
        u1_0.id,
        u1_0.created_at,
        u1_0.email,
        u1_0.full_name,
        u1_0.password_hash 
    from
        users u1_0 
    where
        upper(u1_0.email)=upper(?)
Hibernate: 
    select
        r1_0.user_id,
        r1_0.role 
    from
        user_roles r1_0 
    where
        r1_0.user_id=?
Hibernate: 
    select
        c1_0.id,
        c1_0.user_id 
    from
        carts c1_0 
    where
        c1_0.user_id=?
Hibernate: 
    select
        p1_0.id,
        p1_0.active,
        p1_0.category_id,
        p1_0.created_at,
        p1_0.description,
        p1_0.low_stock_threshold,
        p1_0.name,
        p1_0.price,
        p1_0.sku,
        p1_0.slug,
        p1_0.stock_quantity 
    from
        products p1_0 
    where
        p1_0.id=?
Hibernate: 
    select
        ci1_0.id,
        ci1_0.cart_id,
        ci1_0.product_id,
        ci1_0.quantity,
        ci1_0.unit_price 
    from
        cart_items ci1_0 
    where
        ci1_0.cart_id=? 
        and ci1_0.product_id=?
Hibernate: 
    insert 
    into
        cart_items
        (cart_id, product_id, quantity, unit_price) 
    values
        (?, ?, ?, ?)
Hibernate: 
    select
        i1_0.cart_id,
        i1_0.id,
        i1_0.product_id,
        i1_0.quantity,
        i1_0.unit_price 
    from
        cart_items i1_0 
    where
        i1_0.cart_id=?
Hibernate: 
    select
        u1_0.id,
        u1_0.created_at,
        u1_0.email,
        u1_0.full_name,
        u1_0.password_hash 
    from
        users u1_0 
    where
        upper(u1_0.email)=upper(?)
Hibernate: 
    select
        r1_0.user_id,
        r1_0.role 
    from
        user_roles r1_0 
    where
        r1_0.user_id=?
Hibernate: 
    select
        c1_0.id,
        c1_0.user_id 
    from
        carts c1_0 
    where
        c1_0.user_id=?
Hibernate: 
    select
        i1_0.cart_id,
        i1_0.id,
        i1_0.product_id,
        i1_0.quantity,
        i1_0.unit_price 
    from
        cart_items i1_0 
    where
        i1_0.cart_id=?
Hibernate: 
    select
        p1_0.id,
        p1_0.active,
        p1_0.category_id,
        p1_0.created_at,
        p1_0.description,
        p1_0.low_stock_threshold,
        p1_0.name,
        p1_0.price,
        p1_0.sku,
        p1_0.slug,
        p1_0.stock_quantity 
    from
        products p1_0 
    where
        p1_0.id=?
Hibernate: 
    select
        u1_0.id,
        u1_0.created_at,
        u1_0.email,
        u1_0.full_name,
        u1_0.password_hash 
    from
        users u1_0 
    where
        upper(u1_0.email)=upper(?)
Hibernate: 
    select
        r1_0.user_id,
        r1_0.role 
    from
        user_roles r1_0 
    where
        r1_0.user_id=?
Hibernate: 
    select
        c1_0.id,
        c1_0.user_id 
    from
        carts c1_0 
    where
        c1_0.user_id=?
Hibernate: 
    select
        i1_0.cart_id,
        i1_0.id,
        i1_0.product_id,
        i1_0.quantity,
        i1_0.unit_price 
    from
        cart_items i1_0 
    where
        i1_0.cart_id=?
Hibernate: 
    select
        p1_0.id,
        p1_0.active,
        p1_0.category_id,
        p1_0.created_at,
        p1_0.description,
        p1_0.low_stock_threshold,
        p1_0.name,
        p1_0.price,
        p1_0.sku,
        p1_0.slug,
        p1_0.stock_quantity 
    from
        products p1_0 
    where
        p1_0.id=?
Hibernate: 
    select
        u1_0.id,
        u1_0.created_at,
        u1_0.email,
        u1_0.full_name,
        u1_0.password_hash 
    from
        users u1_0 
    where
        upper(u1_0.email)=upper(?)
Hibernate: 
    select
        r1_0.user_id,
        r1_0.role 
    from
        user_roles r1_0 
    where
        r1_0.user_id=?
Hibernate: 
    select
        c1_0.id,
        c1_0.user_id 
    from
        carts c1_0 
    where
        c1_0.user_id=?
Hibernate: 
    select
        i1_0.cart_id,
        i1_0.id,
        i1_0.product_id,
        i1_0.quantity,
        i1_0.unit_price 
    from
        cart_items i1_0 
    where
        i1_0.cart_id=?
Hibernate: 
    select
        p1_0.id,
        p1_0.active,
        p1_0.category_id,
        p1_0.created_at,
        p1_0.description,
        p1_0.low_stock_threshold,
        p1_0.name,
        p1_0.price,
        p1_0.sku,
        p1_0.slug,
        p1_0.stock_quantity 
    from
        products p1_0 
    where
        p1_0.id=?
